Costumer List




IDNum    FirstName    LastName
 00001    Giulio           S
 02320    AHA              Maschera00001Gi
 00000    as               as
 00001    Giulio           S
 00000    as               as
 00001    Giulio           S
 00000    Fulvio           EZZ
 00001    Giulio           S
 00000    Genovessa        Culona
 00001    Giulio           S
 00000    DelaFuerte       Cacatas
 00001    Giulio           S
 02320    AHA              Maschera00001Gi
 00000    as               as
 00001    Giulio           S
 00000    as               as
 00001    Giulio           S
 00000    Fulvio           EZZ
 00001    Giulio           S
 00000    Genovessa        Culona
 00001    Giulio           S
 00000    DelaFuerte       Cacatas
 00001    Giulio           S
 02320    AHA              Maschera00001Gi
 00000    as               as
 00001    Giulio           S
 00000    as               as
 00001    Giulio           S
 00000    Fulvio           EZZ
 00001    Giulio           S
 00000    Genovessa        Culona
 00001    Giulio           S
 00000    DelaFuerte       Cacatas
 00001    Giulio           S
 02320    AHA              Maschera00001Gi
 00000    as               as
 00001    Giulio           S




             Page :  1Costumer List




IDNum    FirstName    LastName
 00000    as               as
 00001    Giulio           S
 00000    Fulvio           EZZ
 00001    Giulio           S
 00000    Genovessa        Culona
 00001    Giulio           S
 00000    DelaFuerte       Cacatas
 00001    Giulio           S
 02320    AHA              Maschera00001Gi
 00000    as               as
 00001    Giulio           S
 00000    as               as
 00001    Giulio           S
 00000    Fulvio           EZZ
 00001    Giulio           S
 00000    Genovessa        Culona
 00001    Giulio           S
 00000    DelaFuerte       Cacatas
 00001    Giulio           S
 02320    AHA              Maschera00001Gi
 00000    as               as
 00001    Giulio           S
 00000    as               as
 00001    Giulio           S
 00000    Fulvio           EZZ
 00001    Giulio           S
 00000    Genovessa        Culona
 00001    Giulio           S
 00000    DelaFuerte       Cacatas
 00001    Giulio           S
 02320    AHA              Maschera00001Gi
 00000    as               as
 00001    Giulio           S
 00000    as               as
 00001    Giulio           S
 00000    Fulvio           EZZ
 00001    Giulio           S




             Page :  2Costumer List




IDNum    FirstName    LastName
 00000    Genovessa        Culona
 00001    Giulio           S
 00000    DelaFuerte       Cacatas
 00001    Giulio           S
 02320    AHA              Maschera00001Gi
 00000    as               as
 00001    Giulio           S
 00000    as               as
 00001    Giulio           S
 00000    Fulvio           EZZ
 00001    Giulio           S
 00000    Genovessa        Culona
 00001    Giulio           S
 00000    DelaFuerte       Cacatas
 00001    Giulio           S
 02320    AHA              Maschera00001Gi
 00000    as               as
 00001    Giulio           S
 00000    as               as
 00001    Giulio           S
 00000    Fulvio           EZZ
 00001    Giulio           S
 00000    Genovessa        Culona
 00001    Giulio           S
 00000    DelaFuerte       Cacatas
 00001    Giulio           S
 02320    AHA              Maschera00001Gi
 00000    as               as
 00001    Giulio           S
 00000    as               as
 00001    Giulio           S
 00000    Fulvio           EZZ
 00001    Giulio           S
 00000    Genovessa        Culona
 00001    Giulio           S
 00000    DelaFuerte       Cacatas




END OF REPORT
